// Jest Snapshot v1, https://goo.gl/fbAQLP

exports[`ProductTitle Debe mostrar el componente correctamente con el titulo personalizado 1`] = `
<span
  className="productDescription product-class"
>
  Custom title
</span>
`;

exports[`ProductTitle debe de mostrar el componente con el nombre del producto 1`] = `
<div
  className="productCard undefined undefined"
>
  <span
    className="productDescription undefined"
  >
    Coffe Mug-Card sin imagen
  </span>
</div>
`;
